// Jest Snapshot v1, https://goo.gl/fbAQLP

exports[`wsdl2flow should create Flow definitions 1`] = `
"// @flow
/* eslint-disable */
declare module \\"wsdl-types/TempConvert/TempConvertSoap\\" {
  declare export type FahrenheitToCelsiusInput = {|
    /** s:string(undefined) */
    Fahrenheit: string,
  |};

  declare export type FahrenheitToCelsiusOutput = {|
    /** s:string(undefined) */
    FahrenheitToCelsiusResult: string,
  |};

  declare export type CelsiusToFahrenheitInput = {|
    /** s:string(undefined) */
    Celsius: string,
  |};

  declare export type CelsiusToFahrenheitOutput = {|
    /** s:string(undefined) */
    CelsiusToFahrenheitResult: string,
  |};

  declare export interface TempConvertSoap {
    FahrenheitToCelsius: (
      input: FahrenheitToCelsiusInput,
      cb: (
        err: any | null,
        result: FahrenheitToCelsiusOutput,
        raw: string,
        soapHeader: { [k: string]: any }
      ) => any,
      options?: any,
      extraHeaders?: any
    ) => void;
    FahrenheitToCelsiusAsync: (
      input: FahrenheitToCelsiusInput,
      options?: any,
      extraHeaders?: any
    ) => Promise<FahrenheitToCelsiusOutput>;
    CelsiusToFahrenheit: (
      input: CelsiusToFahrenheitInput,
      cb: (
        err: any | null,
        result: CelsiusToFahrenheitOutput,
        raw: string,
        soapHeader: { [k: string]: any }
      ) => any,
      options?: any,
      extraHeaders?: any
    ) => void;
    CelsiusToFahrenheitAsync: (
      input: CelsiusToFahrenheitInput,
      options?: any,
      extraHeaders?: any
    ) => Promise<CelsiusToFahrenheitOutput>;
  }
}

declare module \\"wsdl-types/TempConvert/TempConvertSoap12\\" {
  declare export type FahrenheitToCelsiusInput = {|
    /** s:string(undefined) */
    Fahrenheit: string,
  |};

  declare export type FahrenheitToCelsiusOutput = {|
    /** s:string(undefined) */
    FahrenheitToCelsiusResult: string,
  |};

  declare export type CelsiusToFahrenheitInput = {|
    /** s:string(undefined) */
    Celsius: string,
  |};

  declare export type CelsiusToFahrenheitOutput = {|
    /** s:string(undefined) */
    CelsiusToFahrenheitResult: string,
  |};

  declare export interface TempConvertSoap12 {
    FahrenheitToCelsius: (
      input: FahrenheitToCelsiusInput,
      cb: (
        err: any | null,
        result: FahrenheitToCelsiusOutput,
        raw: string,
        soapHeader: { [k: string]: any }
      ) => any,
      options?: any,
      extraHeaders?: any
    ) => void;
    FahrenheitToCelsiusAsync: (
      input: FahrenheitToCelsiusInput,
      options?: any,
      extraHeaders?: any
    ) => Promise<FahrenheitToCelsiusOutput>;
    CelsiusToFahrenheit: (
      input: CelsiusToFahrenheitInput,
      cb: (
        err: any | null,
        result: CelsiusToFahrenheitOutput,
        raw: string,
        soapHeader: { [k: string]: any }
      ) => any,
      options?: any,
      extraHeaders?: any
    ) => void;
    CelsiusToFahrenheitAsync: (
      input: CelsiusToFahrenheitInput,
      options?: any,
      extraHeaders?: any
    ) => Promise<CelsiusToFahrenheitOutput>;
  }
}
"
`;
